#-----------------------------------------------------------
# Vivado v2020.1 (64-bit)
# SW Build 2902540 on Wed May 27 19:54:49 MDT 2020
# IP Build 2902112 on Wed May 27 22:43:36 MDT 2020
# Start of session at: Mon May 27 01:22:02 2024
# Process ID: 22252
# Current directory: C:/Users/Somaya/Desktop/Vivado Projects/UART
# Command line: vivado.exe -gui_launcher_event rodinguilauncherevent27568 C:\Users\Somaya\Desktop\Vivado Projects\UART\UART.xpr
# Log file: C:/Users/Somaya/Desktop/Vivado Projects/UART/vivado.log
# Journal file: C:/Users/Somaya/Desktop/Vivado Projects/UART\vivado.jou
#-----------------------------------------------------------
start_gui
open_project {C:/Users/Somaya/Desktop/Vivado Projects/UART/UART.xpr}
update_compile_order -fileset sources_1
launch_runs synth_1 -jobs 4
wait_on_run synth_1
open_run synth_1 -name synth_1
report_utilization -name utilization_1
report_power -name {power_1}
launch_runs impl_1 -to_step write_bitstream -jobs 4
wait_on_run impl_1
file mkdir C:/Users/Somaya/Desktop/Vivado Projects/UART/UART.srcs/constrs_1
file mkdir C:/Users/Somaya/Desktop/Vivado Projects/UART/UART.srcs/constrs_1
file mkdir C:/Users/Somaya/Desktop/Vivado Projects/UART/UART.srcs/constrs_1/new
file mkdir C:/Users/Somaya/Desktop/Vivado Projects/UART/UART.srcs/constrs_1/new
file mkdir C:/Users/Somaya/Desktop/Vivado Projects/UART/UART.srcs/constrs_1/new
file mkdir C:/Users/Somaya/Desktop/Vivado Projects/UART/UART.srcs/constrs_1/new
file mkdir C:/Users/Somaya/Desktop/Vivado Projects/UART/UART.srcs/constrs_1
file mkdir {C:/Users/Somaya/Desktop/Vivado Projects/UART/UART.srcs/constrs_1/new}
close [ open {C:/Users/Somaya/Desktop/Vivado Projects/UART/UART.srcs/constrs_1/new/Basys-3-Master.xdc} w ]
add_files -fileset constrs_1 {{C:/Users/Somaya/Desktop/Vivado Projects/UART/UART.srcs/constrs_1/new/Basys-3-Master.xdc}}
reset_run synth_1
launch_runs impl_1 -to_step write_bitstream -jobs 4
wait_on_run impl_1
